
[0m[0m
[0m  Application Startup[0m
[2K[0G  [32m  √[0m[90m should catch blank usernames [0m[31m(532ms)[0m


[92m [0m[32m 1 passing[0m[90m (547ms)[0m

